[0m16:22:44.928774 [debug] [MainThread]: Sending event: {'category': 'dbt', 'action': 'invocation', 'label': 'start', 'context': [<snowplow_tracker.self_describing_json.SelfDescribingJson object at 0x7ab4f5bf9670>, <snowplow_tracker.self_describing_json.SelfDescribingJson object at 0x7ab4f5d25700>, <snowplow_tracker.self_describing_json.SelfDescribingJson object at 0x7ab4f3777f80>]}


============================== 16:22:44.937480 | 5fd88834-4bf1-415b-9ea0-34fdf94069a2 ==============================
[0m16:22:44.937480 [info ] [MainThread]: Running with dbt=1.12.0-b1
[0m16:22:44.938906 [debug] [MainThread]: running dbt with arguments {'invocation_command': 'dbt init cobra_etl', 'warn_error': 'None', 'printer_width': '80', 'profiles_dir': '/root/.dbt', 'use_colors': 'True', 'log_cache_events': 'False', 'write_json': 'True', 'introspect': 'True', 'debug': 'False', 'send_anonymous_usage_stats': 'True', 'no_print': 'None', 'fail_fast': 'False', 'warn_error_options': 'WarnErrorOptionsV2(error=[], warn=[], silence=[])', 'static_parser': 'True', 'quiet': 'False', 'cache_selected_only': 'False', 'indirect_selection': 'eager', 'log_path': 'logs', 'version_check': 'True', 'use_experimental_parser': 'False', 'log_format': 'default', 'partial_parse': 'True', 'target_path': 'None', 'empty': 'None'}
[0m16:22:44.963717 [info ] [MainThread]: Creating dbt configuration folder at /root/.dbt
[0m16:22:44.966718 [debug] [MainThread]: Starter project path: /opt/dbt-env/lib/python3.12/site-packages/dbt/include/starter_project
[0m16:22:44.973277 [info ] [MainThread]: Setting up your profile.
[0m16:25:18.492256 [info ] [MainThread]: Profile cobra_etl written to /root/.dbt/profiles.yml using target's profile_template.yml and your supplied values.
[0m16:25:18.495412 [info ] [MainThread]: Running dbt debug to validate the project...
[0m16:25:18.496661 [info ] [MainThread]: dbt version: 1.12.0-b1
[0m16:25:18.497519 [info ] [MainThread]: python version: 3.12.3
[0m16:25:18.498363 [info ] [MainThread]: python path: /opt/dbt-env/bin/python3
[0m16:25:18.499216 [info ] [MainThread]: os info: Linux-6.8.0-106-generic-x86_64-with-glibc2.39
[0m16:25:18.568141 [info ] [MainThread]: Using profiles dir at /root/.dbt
[0m16:25:18.569253 [info ] [MainThread]: Using profiles.yml file at /root/.dbt/profiles.yml
[0m16:25:18.570085 [info ] [MainThread]: Using dbt_project.yml file at /opt/airflow/dbt/cobra_etl/dbt_project.yml
[0m16:25:18.571356 [info ] [MainThread]: adapter type: postgres
[0m16:25:18.572197 [info ] [MainThread]: adapter version: 1.10.0
[0m16:25:18.898309 [info ] [MainThread]: Configuration:
[0m16:25:18.899431 [info ] [MainThread]:   profiles.yml file [[32mOK found and valid[0m]
[0m16:25:18.900295 [info ] [MainThread]:   dbt_project.yml file [[32mOK found and valid[0m]
[0m16:25:18.901149 [info ] [MainThread]: Required dependencies:
[0m16:25:18.902048 [debug] [MainThread]: Executing "git --help"
[0m16:25:18.912029 [debug] [MainThread]: STDOUT: "b"usage: git [-v | --version] [-h | --help] [-C <path>] [-c <name>=<value>]\n           [--exec-path[=<path>]] [--html-path] [--man-path] [--info-path]\n           [-p | --paginate | -P | --no-pager] [--no-replace-objects] [--bare]\n           [--git-dir=<path>] [--work-tree=<path>] [--namespace=<name>]\n           [--config-env=<name>=<envvar>] <command> [<args>]\n\nThese are common Git commands used in various situations:\n\nstart a working area (see also: git help tutorial)\n   clone     Clone a repository into a new directory\n   init      Create an empty Git repository or reinitialize an existing one\n\nwork on the current change (see also: git help everyday)\n   add       Add file contents to the index\n   mv        Move or rename a file, a directory, or a symlink\n   restore   Restore working tree files\n   rm        Remove files from the working tree and from the index\n\nexamine the history and state (see also: git help revisions)\n   bisect    Use binary search to find the commit that introduced a bug\n   diff      Show changes between commits, commit and working tree, etc\n   grep      Print lines matching a pattern\n   log       Show commit logs\n   show      Show various types of objects\n   status    Show the working tree status\n\ngrow, mark and tweak your common history\n   branch    List, create, or delete branches\n   commit    Record changes to the repository\n   merge     Join two or more development histories together\n   rebase    Reapply commits on top of another base tip\n   reset     Reset current HEAD to the specified state\n   switch    Switch branches\n   tag       Create, list, delete or verify a tag object signed with GPG\n\ncollaborate (see also: git help workflows)\n   fetch     Download objects and refs from another repository\n   pull      Fetch from and integrate with another repository or a local branch\n   push      Update remote refs along with associated objects\n\n'git help -a' and 'git help -g' list available subcommands and some\nconcept guides. See 'git help <command>' or 'git help <concept>'\nto read about a specific subcommand or concept.\nSee 'git help git' for an overview of the system.\n""
[0m16:25:18.913364 [debug] [MainThread]: STDERR: "b''"
[0m16:25:18.914162 [info ] [MainThread]:  - git [[32mOK found[0m]

[0m16:25:18.915018 [info ] [MainThread]: Connection:
[0m16:25:18.915915 [info ] [MainThread]:   host: 172.63.120.124
[0m16:25:18.916849 [info ] [MainThread]:   port: 5432
[0m16:25:18.917710 [info ] [MainThread]:   user: postgres
[0m16:25:18.918600 [info ] [MainThread]:   database: gestor_magazine
[0m16:25:18.919446 [info ] [MainThread]:   schema: public
[0m16:25:18.920332 [info ] [MainThread]:   connect_timeout: 10
[0m16:25:18.921210 [info ] [MainThread]:   role: None
[0m16:25:18.922044 [info ] [MainThread]:   search_path: None
[0m16:25:18.922893 [info ] [MainThread]:   keepalives_idle: 0
[0m16:25:18.923779 [info ] [MainThread]:   sslmode: None
[0m16:25:18.924624 [info ] [MainThread]:   sslcert: None
[0m16:25:18.925509 [info ] [MainThread]:   sslkey: None
[0m16:25:18.926355 [info ] [MainThread]:   sslrootcert: None
[0m16:25:18.927244 [info ] [MainThread]:   application_name: dbt
[0m16:25:18.928064 [info ] [MainThread]:   retries: 1
[0m16:25:18.929297 [info ] [MainThread]: Registered adapter: postgres=1.10.0
[0m16:25:19.173889 [debug] [MainThread]: Acquiring new postgres connection 'debug'
[0m16:25:19.253366 [debug] [MainThread]: Using postgres connection "debug"
[0m16:25:19.254429 [debug] [MainThread]: On debug: select 1 as id
[0m16:25:19.255301 [debug] [MainThread]: Opening a new connection, currently in state init
[0m16:25:19.299274 [debug] [MainThread]: SQL status: SELECT 1 in 0.044 seconds
[0m16:25:19.301833 [debug] [MainThread]: On debug: Close
[0m16:25:19.302941 [info ] [MainThread]:   Connection test: [[32mOK connection ok[0m]

[0m16:25:19.303871 [info ] [MainThread]: [32mAll checks passed![0m
[0m16:25:19.304897 [info ] [MainThread]: Your new dbt project "cobra_etl" was created!
Initialized new project in /opt/airflow/dbt/cobra_etl/cobra_etl

For more information on how to configure the profiles.yml file,
please consult the dbt documentation here:

  https://docs.getdbt.com/docs/configure-your-profile

One more thing:

Need help? Don't hesitate to reach out to us via GitHub issues or on Slack:

  https://community.getdbt.com/

Happy modeling!

[0m16:25:19.307378 [debug] [MainThread]: Resource report: {"command_name": "init", "command_success": true, "command_wall_clock_time": 154.5372, "process_in_blocks": "0", "process_kernel_time": 0.353861, "process_mem_max_rss": "120028", "process_out_blocks": "88", "process_user_time": 4.182367}
[0m16:25:19.308652 [debug] [MainThread]: Command `dbt init` succeeded at 16:25:19.308378 after 154.54 seconds
[0m16:25:19.309515 [debug] [MainThread]: Connection 'debug' was properly closed.
[0m16:25:19.310428 [debug] [MainThread]: Sending event: {'category': 'dbt', 'action': 'invocation', 'label': 'end', 'context': [<snowplow_tracker.self_describing_json.SelfDescribingJson object at 0x7ab4f3692ff0>, <snowplow_tracker.self_describing_json.SelfDescribingJson object at 0x7ab4f196ae70>, <snowplow_tracker.self_describing_json.SelfDescribingJson object at 0x7ab4f24c16d0>]}
[0m16:25:19.311601 [debug] [MainThread]: Flushing usage events
[0m16:25:19.900545 [debug] [MainThread]: An error was encountered while trying to flush usage events
